Analysis & Synthesis report for final
Tue Apr 21 13:15:09 2020
Quartus Prime Version 18.0.0 Build 614 04/24/2018 SJ Lite Edition


---------------------
; Table of Contents ;
---------------------
  1. Legal Notice
  2. Analysis & Synthesis Summary
  3. Analysis & Synthesis Settings
  4. Parallel Compilation
  5. Analysis & Synthesis Messages
  6. Analysis & Synthesis Suppressed Messages



----------------
; Legal Notice ;
----------------
Copyright (C) 2018  Intel Corporation. All rights reserved.
Your use of Intel Corporation's design tools, logic functions 
and other software and tools, and its AMPP partner logic 
functions, and any output files from any of the foregoing 
(including device programming or simulation files), and any 
associated documentation or information are expressly subject 
to the terms and conditions of the Intel Program License 
Subscription Agreement, the Intel Quartus Prime License Agreement,
the Intel FPGA IP License Agreement, or other applicable license
agreement, including, without limitation, that your use is for
the sole purpose of programming logic devices manufactured by
Intel and sold by Intel or its authorized distributors.  Please
refer to the applicable agreement for further details.



+----------------------------------------------------------------------------------+
; Analysis & Synthesis Summary                                                     ;
+------------------------------------+---------------------------------------------+
; Analysis & Synthesis Status        ; Failed - Tue Apr 21 13:15:09 2020           ;
; Quartus Prime Version              ; 18.0.0 Build 614 04/24/2018 SJ Lite Edition ;
; Revision Name                      ; final                                       ;
; Top-level Entity Name              ; lab8                                        ;
; Family                             ; Cyclone IV E                                ;
; Total logic elements               ; N/A until Partition Merge                   ;
;     Total combinational functions  ; N/A until Partition Merge                   ;
;     Dedicated logic registers      ; N/A until Partition Merge                   ;
; Total registers                    ; N/A until Partition Merge                   ;
; Total pins                         ; N/A until Partition Merge                   ;
; Total virtual pins                 ; N/A until Partition Merge                   ;
; Total memory bits                  ; N/A until Partition Merge                   ;
; Embedded Multiplier 9-bit elements ; N/A until Partition Merge                   ;
; Total PLLs                         ; N/A until Partition Merge                   ;
+------------------------------------+---------------------------------------------+


+------------------------------------------------------------------------------------------------------------+
; Analysis & Synthesis Settings                                                                              ;
+------------------------------------------------------------------+--------------------+--------------------+
; Option                                                           ; Setting            ; Default Value      ;
+------------------------------------------------------------------+--------------------+--------------------+
; Device                                                           ; EP4CE115F29C7      ;                    ;
; Top-level entity name                                            ; lab8               ; final              ;
; Family name                                                      ; Cyclone IV E       ; Cyclone V          ;
; Use smart compilation                                            ; Off                ; Off                ;
; Enable parallel Assembler and Timing Analyzer during compilation ; On                 ; On                 ;
; Enable compact report table                                      ; Off                ; Off                ;
; Restructure Multiplexers                                         ; Auto               ; Auto               ;
; Create Debugging Nodes for IP Cores                              ; Off                ; Off                ;
; Preserve fewer node names                                        ; On                 ; On                 ;
; Intel FPGA IP Evaluation Mode                                    ; Enable             ; Enable             ;
; Verilog Version                                                  ; Verilog_2001       ; Verilog_2001       ;
; VHDL Version                                                     ; VHDL_1993          ; VHDL_1993          ;
; State Machine Processing                                         ; Auto               ; Auto               ;
; Safe State Machine                                               ; Off                ; Off                ;
; Extract Verilog State Machines                                   ; On                 ; On                 ;
; Extract VHDL State Machines                                      ; On                 ; On                 ;
; Ignore Verilog initial constructs                                ; Off                ; Off                ;
; Iteration limit for constant Verilog loops                       ; 5000               ; 5000               ;
; Iteration limit for non-constant Verilog loops                   ; 250                ; 250                ;
; Add Pass-Through Logic to Inferred RAMs                          ; On                 ; On                 ;
; Infer RAMs from Raw Logic                                        ; On                 ; On                 ;
; Parallel Synthesis                                               ; On                 ; On                 ;
; DSP Block Balancing                                              ; Auto               ; Auto               ;
; NOT Gate Push-Back                                               ; On                 ; On                 ;
; Power-Up Don't Care                                              ; On                 ; On                 ;
; Remove Redundant Logic Cells                                     ; Off                ; Off                ;
; Remove Duplicate Registers                                       ; On                 ; On                 ;
; Ignore CARRY Buffers                                             ; Off                ; Off                ;
; Ignore CASCADE Buffers                                           ; Off                ; Off                ;
; Ignore GLOBAL Buffers                                            ; Off                ; Off                ;
; Ignore ROW GLOBAL Buffers                                        ; Off                ; Off                ;
; Ignore LCELL Buffers                                             ; Off                ; Off                ;
; Ignore SOFT Buffers                                              ; On                 ; On                 ;
; Limit AHDL Integers to 32 Bits                                   ; Off                ; Off                ;
; Optimization Technique                                           ; Balanced           ; Balanced           ;
; Carry Chain Length                                               ; 70                 ; 70                 ;
; Auto Carry Chains                                                ; On                 ; On                 ;
; Auto Open-Drain Pins                                             ; On                 ; On                 ;
; Perform WYSIWYG Primitive Resynthesis                            ; Off                ; Off                ;
; Auto ROM Replacement                                             ; On                 ; On                 ;
; Auto RAM Replacement                                             ; On                 ; On                 ;
; Auto DSP Block Replacement                                       ; On                 ; On                 ;
; Auto Shift Register Replacement                                  ; Auto               ; Auto               ;
; Allow Shift Register Merging across Hierarchies                  ; Auto               ; Auto               ;
; Auto Clock Enable Replacement                                    ; On                 ; On                 ;
; Strict RAM Replacement                                           ; Off                ; Off                ;
; Allow Synchronous Control Signals                                ; On                 ; On                 ;
; Force Use of Synchronous Clear Signals                           ; Off                ; Off                ;
; Auto RAM Block Balancing                                         ; On                 ; On                 ;
; Auto RAM to Logic Cell Conversion                                ; Off                ; Off                ;
; Auto Resource Sharing                                            ; Off                ; Off                ;
; Allow Any RAM Size For Recognition                               ; Off                ; Off                ;
; Allow Any ROM Size For Recognition                               ; Off                ; Off                ;
; Allow Any Shift Register Size For Recognition                    ; Off                ; Off                ;
; Use LogicLock Constraints during Resource Balancing              ; On                 ; On                 ;
; Ignore translate_off and synthesis_off directives                ; Off                ; Off                ;
; Timing-Driven Synthesis                                          ; On                 ; On                 ;
; Report Parameter Settings                                        ; On                 ; On                 ;
; Report Source Assignments                                        ; On                 ; On                 ;
; Report Connectivity Checks                                       ; On                 ; On                 ;
; Ignore Maximum Fan-Out Assignments                               ; Off                ; Off                ;
; Synchronization Register Chain Length                            ; 2                  ; 2                  ;
; Power Optimization During Synthesis                              ; Normal compilation ; Normal compilation ;
; HDL message level                                                ; Level2             ; Level2             ;
; Suppress Register Optimization Related Messages                  ; Off                ; Off                ;
; Number of Removed Registers Reported in Synthesis Report         ; 5000               ; 5000               ;
; Number of Swept Nodes Reported in Synthesis Report               ; 5000               ; 5000               ;
; Number of Inverted Registers Reported in Synthesis Report        ; 100                ; 100                ;
; Clock MUX Protection                                             ; On                 ; On                 ;
; Auto Gated Clock Conversion                                      ; Off                ; Off                ;
; Block Design Naming                                              ; Auto               ; Auto               ;
; SDC constraint protection                                        ; Off                ; Off                ;
; Synthesis Effort                                                 ; Auto               ; Auto               ;
; Shift Register Replacement - Allow Asynchronous Clear Signal     ; On                 ; On                 ;
; Pre-Mapping Resynthesis Optimization                             ; Off                ; Off                ;
; Analysis & Synthesis Message Level                               ; Medium             ; Medium             ;
; Disable Register Merging Across Hierarchies                      ; Auto               ; Auto               ;
; Resource Aware Inference For Block RAM                           ; On                 ; On                 ;
+------------------------------------------------------------------+--------------------+--------------------+


+------------------------------------------+
; Parallel Compilation                     ;
+----------------------------+-------------+
; Processors                 ; Number      ;
+----------------------------+-------------+
; Number detected on machine ; 8           ;
; Maximum allowed            ; 4           ;
;                            ;             ;
; Average used               ; 1.00        ;
; Maximum used               ; 1           ;
;                            ;             ;
; Usage by Processor         ; % Time Used ;
;     Processor 1            ; 100.0%      ;
+----------------------------+-------------+


+-------------------------------+
; Analysis & Synthesis Messages ;
+-------------------------------+
Info: *******************************************************************
Info: Running Quartus Prime Analysis & Synthesis
    Info: Version 18.0.0 Build 614 04/24/2018 SJ Lite Edition
    Info: Processing started: Tue Apr 21 13:12:49 2020
Info: Command: quartus_map --read_settings_files=on --write_settings_files=off final -c final
Warning (18236): Number of processors has not been specified which may cause overloading on shared machines.  Set the global assignment NUM_PARALLEL_PROCESSORS in your QSF to an appropriate value for best performance.
Info (20030): Parallel compilation is enabled and will use 4 of the 4 processors detected
Info (12021): Found 3 design units, including 3 entities, in source file sprites_rom.sv
    Info (12023): Found entity 1: digits_rom File: D:/0Xinyi/final/ECE385_FinalProject/final/sprites_rom.sv Line: 1
    Info (12023): Found entity 2: stickman_rom File: D:/0Xinyi/final/ECE385_FinalProject/final/sprites_rom.sv Line: 188
    Info (12023): Found entity 3: cover_rom File: D:/0Xinyi/final/ECE385_FinalProject/final/sprites_rom.sv Line: 942
Info (12021): Found 1 design units, including 1 entities, in source file score.sv
    Info (12023): Found entity 1: score File: D:/0Xinyi/final/ECE385_FinalProject/final/score.sv Line: 8
Info (12021): Found 1 design units, including 1 entities, in source file background.sv
    Info (12023): Found entity 1: background File: D:/0Xinyi/final/ECE385_FinalProject/final/background.sv Line: 9
Info (12021): Found 1 design units, including 1 entities, in source file game_logic.sv
    Info (12023): Found entity 1: game_logic File: D:/0Xinyi/final/ECE385_FinalProject/final/game_logic.sv Line: 8
Info (12021): Found 1 design units, including 1 entities, in source file stickman.sv
    Info (12023): Found entity 1: stickman File: D:/0Xinyi/final/ECE385_FinalProject/final/stickman.sv Line: 9
Info (12021): Found 1 design units, including 1 entities, in source file lab8_soc/synthesis/lab8_soc.v
    Info (12023): Found entity 1: lab8_soc File: D:/0Xinyi/final/ECE385_FinalProject/final/lab8_soc/synthesis/lab8_soc.v Line: 6
Info (12021): Found 1 design units, including 1 entities, in source file lab8_soc/synthesis/submodules/altera_reset_controller.v
    Info (12023): Found entity 1: altera_reset_controller File: D:/0Xinyi/final/ECE385_FinalProject/final/lab8_soc/synthesis/submodules/altera_reset_controller.v Line: 42
Info (12021): Found 1 design units, including 1 entities, in source file lab8_soc/synthesis/submodules/altera_reset_synchronizer.v
    Info (12023): Found entity 1: altera_reset_synchronizer File: D:/0Xinyi/final/ECE385_FinalProject/final/lab8_soc/synthesis/submodules/altera_reset_synchronizer.v Line: 24
Info (12021): Found 1 design units, including 1 entities, in source file lab8_soc/synthesis/submodules/lab8_soc_irq_mapper.sv
    Info (12023): Found entity 1: lab8_soc_irq_mapper File: D:/0Xinyi/final/ECE385_FinalProject/final/lab8_soc/synthesis/submodules/lab8_soc_irq_mapper.sv Line: 31
Info (12021): Found 1 design units, including 1 entities, in source file lab8_soc/synthesis/submodules/lab8_soc_mm_interconnect_0.v
    Info (12023): Found entity 1: lab8_soc_mm_interconnect_0 File: D:/0Xinyi/final/ECE385_FinalProject/final/lab8_soc/synthesis/submodules/lab8_soc_mm_interconnect_0.v Line: 9
Info (12021): Found 1 design units, including 1 entities, in source file lab8_soc/synthesis/submodules/lab8_soc_mm_interconnect_0_avalon_st_adapter.v
    Info (12023): Found entity 1: lab8_soc_mm_interconnect_0_avalon_st_adapter File: D:/0Xinyi/final/ECE385_FinalProject/final/lab8_soc/synthesis/submodules/lab8_soc_mm_interconnect_0_avalon_st_adapter.v Line: 9
Info (12021): Found 1 design units, including 1 entities, in source file lab8_soc/synthesis/submodules/lab8_soc_mm_interconnect_0_avalon_st_adapter_error_adapter_0.sv
    Info (12023): Found entity 1: lab8_soc_mm_interconnect_0_avalon_st_adapter_error_adapter_0 File: D:/0Xinyi/final/ECE385_FinalProject/final/lab8_soc/synthesis/submodules/lab8_soc_mm_interconnect_0_avalon_st_adapter_error_adapter_0.sv Line: 66
Info (12021): Found 1 design units, including 1 entities, in source file lab8_soc/synthesis/submodules/altera_avalon_st_handshake_clock_crosser.v
    Info (12023): Found entity 1: altera_avalon_st_handshake_clock_crosser File: D:/0Xinyi/final/ECE385_FinalProject/final/lab8_soc/synthesis/submodules/altera_avalon_st_handshake_clock_crosser.v Line: 24
Info (12021): Found 1 design units, including 1 entities, in source file lab8_soc/synthesis/submodules/altera_avalon_st_clock_crosser.v
    Info (12023): Found entity 1: altera_avalon_st_clock_crosser File: D:/0Xinyi/final/ECE385_FinalProject/final/lab8_soc/synthesis/submodules/altera_avalon_st_clock_crosser.v Line: 22
Info (12021): Found 1 design units, including 1 entities, in source file lab8_soc/synthesis/submodules/altera_avalon_st_pipeline_base.v
    Info (12023): Found entity 1: altera_avalon_st_pipeline_base File: D:/0Xinyi/final/ECE385_FinalProject/final/lab8_soc/synthesis/submodules/altera_avalon_st_pipeline_base.v Line: 22
Info (12021): Found 1 design units, including 1 entities, in source file lab8_soc/synthesis/submodules/altera_std_synchronizer_nocut.v
    Info (12023): Found entity 1: altera_std_synchronizer_nocut File: D:/0Xinyi/final/ECE385_FinalProject/final/lab8_soc/synthesis/submodules/altera_std_synchronizer_nocut.v Line: 44
Info (12021): Found 1 design units, including 1 entities, in source file lab8_soc/synthesis/submodules/lab8_soc_mm_interconnect_0_rsp_mux_001.sv
    Info (12023): Found entity 1: lab8_soc_mm_interconnect_0_rsp_mux_001 File: D:/0Xinyi/final/ECE385_FinalProject/final/lab8_soc/synthesis/submodules/lab8_soc_mm_interconnect_0_rsp_mux_001.sv Line: 51
Info (12021): Found 2 design units, including 2 entities, in source file lab8_soc/synthesis/submodules/altera_merlin_arbitrator.sv
    Info (12023): Found entity 1: altera_merlin_arbitrator File: D:/0Xinyi/final/ECE385_FinalProject/final/lab8_soc/synthesis/submodules/altera_merlin_arbitrator.sv Line: 103
    Info (12023): Found entity 2: altera_merlin_arb_adder File: D:/0Xinyi/final/ECE385_FinalProject/final/lab8_soc/synthesis/submodules/altera_merlin_arbitrator.sv Line: 228
Info (12021): Found 1 design units, including 1 entities, in source file lab8_soc/synthesis/submodules/lab8_soc_mm_interconnect_0_rsp_mux.sv
    Info (12023): Found entity 1: lab8_soc_mm_interconnect_0_rsp_mux File: D:/0Xinyi/final/ECE385_FinalProject/final/lab8_soc/synthesis/submodules/lab8_soc_mm_interconnect_0_rsp_mux.sv Line: 51
Info (12021): Found 1 design units, including 1 entities, in source file lab8_soc/synthesis/submodules/lab8_soc_mm_interconnect_0_rsp_demux_001.sv
    Info (12023): Found entity 1: lab8_soc_mm_interconnect_0_rsp_demux_001 File: D:/0Xinyi/final/ECE385_FinalProject/final/lab8_soc/synthesis/submodules/lab8_soc_mm_interconnect_0_rsp_demux_001.sv Line: 43
Info (12021): Found 1 design units, including 1 entities, in source file lab8_soc/synthesis/submodules/lab8_soc_mm_interconnect_0_rsp_demux.sv
    Info (12023): Found entity 1: lab8_soc_mm_interconnect_0_rsp_demux File: D:/0Xinyi/final/ECE385_FinalProject/final/lab8_soc/synthesis/submodules/lab8_soc_mm_interconnect_0_rsp_demux.sv Line: 43
Info (12021): Found 1 design units, including 1 entities, in source file lab8_soc/synthesis/submodules/lab8_soc_mm_interconnect_0_cmd_mux_001.sv
    Info (12023): Found entity 1: lab8_soc_mm_interconnect_0_cmd_mux_001 File: D:/0Xinyi/final/ECE385_FinalProject/final/lab8_soc/synthesis/submodules/lab8_soc_mm_interconnect_0_cmd_mux_001.sv Line: 51
Info (12021): Found 1 design units, including 1 entities, in source file lab8_soc/synthesis/submodules/lab8_soc_mm_interconnect_0_cmd_mux.sv
    Info (12023): Found entity 1: lab8_soc_mm_interconnect_0_cmd_mux File: D:/0Xinyi/final/ECE385_FinalProject/final/lab8_soc/synthesis/submodules/lab8_soc_mm_interconnect_0_cmd_mux.sv Line: 51
Info (12021): Found 1 design units, including 1 entities, in source file lab8_soc/synthesis/submodules/lab8_soc_mm_interconnect_0_cmd_demux_001.sv
    Info (12023): Found entity 1: lab8_soc_mm_interconnect_0_cmd_demux_001 File: D:/0Xinyi/final/ECE385_FinalProject/final/lab8_soc/synthesis/submodules/lab8_soc_mm_interconnect_0_cmd_demux_001.sv Line: 43
Info (12021): Found 1 design units, including 1 entities, in source file lab8_soc/synthesis/submodules/lab8_soc_mm_interconnect_0_cmd_demux.sv
    Info (12023): Found entity 1: lab8_soc_mm_interconnect_0_cmd_demux File: D:/0Xinyi/final/ECE385_FinalProject/final/lab8_soc/synthesis/submodules/lab8_soc_mm_interconnect_0_cmd_demux.sv Line: 43
Info (12021): Found 2 design units, including 2 entities, in source file lab8_soc/synthesis/submodules/lab8_soc_mm_interconnect_0_router_003.sv
    Info (12023): Found entity 1: lab8_soc_mm_interconnect_0_router_003_default_decode File: D:/0Xinyi/final/ECE385_FinalProject/final/lab8_soc/synthesis/submodules/lab8_soc_mm_interconnect_0_router_003.sv Line: 45
    Info (12023): Found entity 2: lab8_soc_mm_interconnect_0_router_003 File: D:/0Xinyi/final/ECE385_FinalProject/final/lab8_soc/synthesis/submodules/lab8_soc_mm_interconnect_0_router_003.sv Line: 84
Info (12021): Found 2 design units, including 2 entities, in source file lab8_soc/synthesis/submodules/lab8_soc_mm_interconnect_0_router_002.sv
    Info (12023): Found entity 1: lab8_soc_mm_interconnect_0_router_002_default_decode File: D:/0Xinyi/final/ECE385_FinalProject/final/lab8_soc/synthesis/submodules/lab8_soc_mm_interconnect_0_router_002.sv Line: 45
    Info (12023): Found entity 2: lab8_soc_mm_interconnect_0_router_002 File: D:/0Xinyi/final/ECE385_FinalProject/final/lab8_soc/synthesis/submodules/lab8_soc_mm_interconnect_0_router_002.sv Line: 84
Info (12021): Found 2 design units, including 2 entities, in source file lab8_soc/synthesis/submodules/lab8_soc_mm_interconnect_0_router_001.sv
    Info (12023): Found entity 1: lab8_soc_mm_interconnect_0_router_001_default_decode File: D:/0Xinyi/final/ECE385_FinalProject/final/lab8_soc/synthesis/submodules/lab8_soc_mm_interconnect_0_router_001.sv Line: 45
    Info (12023): Found entity 2: lab8_soc_mm_interconnect_0_router_001 File: D:/0Xinyi/final/ECE385_FinalProject/final/lab8_soc/synthesis/submodules/lab8_soc_mm_interconnect_0_router_001.sv Line: 84
Info (12021): Found 2 design units, including 2 entities, in source file lab8_soc/synthesis/submodules/lab8_soc_mm_interconnect_0_router.sv
    Info (12023): Found entity 1: lab8_soc_mm_interconnect_0_router_default_decode File: D:/0Xinyi/final/ECE385_FinalProject/final/lab8_soc/synthesis/submodules/lab8_soc_mm_interconnect_0_router.sv Line: 45
    Info (12023): Found entity 2: lab8_soc_mm_interconnect_0_router File: D:/0Xinyi/final/ECE385_FinalProject/final/lab8_soc/synthesis/submodules/lab8_soc_mm_interconnect_0_router.sv Line: 84
Info (12021): Found 1 design units, including 1 entities, in source file lab8_soc/synthesis/submodules/altera_avalon_sc_fifo.v
    Info (12023): Found entity 1: altera_avalon_sc_fifo File: D:/0Xinyi/final/ECE385_FinalProject/final/lab8_soc/synthesis/submodules/altera_avalon_sc_fifo.v Line: 21
Info (12021): Found 1 design units, including 1 entities, in source file lab8_soc/synthesis/submodules/altera_merlin_slave_agent.sv
    Info (12023): Found entity 1: altera_merlin_slave_agent File: D:/0Xinyi/final/ECE385_FinalProject/final/lab8_soc/synthesis/submodules/altera_merlin_slave_agent.sv Line: 34
Info (12021): Found 1 design units, including 1 entities, in source file lab8_soc/synthesis/submodules/altera_merlin_burst_uncompressor.sv
    Info (12023): Found entity 1: altera_merlin_burst_uncompressor File: D:/0Xinyi/final/ECE385_FinalProject/final/lab8_soc/synthesis/submodules/altera_merlin_burst_uncompressor.sv Line: 40
Info (12021): Found 1 design units, including 1 entities, in source file lab8_soc/synthesis/submodules/altera_merlin_master_agent.sv
    Info (12023): Found entity 1: altera_merlin_master_agent File: D:/0Xinyi/final/ECE385_FinalProject/final/lab8_soc/synthesis/submodules/altera_merlin_master_agent.sv Line: 28
Info (12021): Found 1 design units, including 1 entities, in source file lab8_soc/synthesis/submodules/altera_merlin_slave_translator.sv
    Info (12023): Found entity 1: altera_merlin_slave_translator File: D:/0Xinyi/final/ECE385_FinalProject/final/lab8_soc/synthesis/submodules/altera_merlin_slave_translator.sv Line: 35
Info (12021): Found 1 design units, including 1 entities, in source file lab8_soc/synthesis/submodules/altera_merlin_master_translator.sv
    Info (12023): Found entity 1: altera_merlin_master_translator File: D:/0Xinyi/final/ECE385_FinalProject/final/lab8_soc/synthesis/submodules/altera_merlin_master_translator.sv Line: 32
Info (12021): Found 1 design units, including 1 entities, in source file lab8_soc/synthesis/submodules/lab8_soc_sysid_qsys_0.v
    Info (12023): Found entity 1: lab8_soc_sysid_qsys_0 File: D:/0Xinyi/final/ECE385_FinalProject/final/lab8_soc/synthesis/submodules/lab8_soc_sysid_qsys_0.v Line: 34
Info (12021): Found 4 design units, including 4 entities, in source file lab8_soc/synthesis/submodules/lab8_soc_sdram_pll.v
    Info (12023): Found entity 1: lab8_soc_sdram_pll_dffpipe_l2c File: D:/0Xinyi/final/ECE385_FinalProject/final/lab8_soc/synthesis/submodules/lab8_soc_sdram_pll.v Line: 37
    Info (12023): Found entity 2: lab8_soc_sdram_pll_stdsync_sv6 File: D:/0Xinyi/final/ECE385_FinalProject/final/lab8_soc/synthesis/submodules/lab8_soc_sdram_pll.v Line: 98
    Info (12023): Found entity 3: lab8_soc_sdram_pll_altpll_lqa2 File: D:/0Xinyi/final/ECE385_FinalProject/final/lab8_soc/synthesis/submodules/lab8_soc_sdram_pll.v Line: 130
    Info (12023): Found entity 4: lab8_soc_sdram_pll File: D:/0Xinyi/final/ECE385_FinalProject/final/lab8_soc/synthesis/submodules/lab8_soc_sdram_pll.v Line: 217
Info (12021): Found 2 design units, including 2 entities, in source file lab8_soc/synthesis/submodules/lab8_soc_sdram.v
    Info (12023): Found entity 1: lab8_soc_sdram_input_efifo_module File: D:/0Xinyi/final/ECE385_FinalProject/final/lab8_soc/synthesis/submodules/lab8_soc_sdram.v Line: 21
    Info (12023): Found entity 2: lab8_soc_sdram File: D:/0Xinyi/final/ECE385_FinalProject/final/lab8_soc/synthesis/submodules/lab8_soc_sdram.v Line: 159
Info (12021): Found 1 design units, including 1 entities, in source file lab8_soc/synthesis/submodules/lab8_soc_otg_hpi_data.v
    Info (12023): Found entity 1: lab8_soc_otg_hpi_data File: D:/0Xinyi/final/ECE385_FinalProject/final/lab8_soc/synthesis/submodules/lab8_soc_otg_hpi_data.v Line: 21
Info (12021): Found 1 design units, including 1 entities, in source file lab8_soc/synthesis/submodules/lab8_soc_otg_hpi_cs.v
    Info (12023): Found entity 1: lab8_soc_otg_hpi_cs File: D:/0Xinyi/final/ECE385_FinalProject/final/lab8_soc/synthesis/submodules/lab8_soc_otg_hpi_cs.v Line: 21
Info (12021): Found 1 design units, including 1 entities, in source file lab8_soc/synthesis/submodules/lab8_soc_otg_hpi_address.v
    Info (12023): Found entity 1: lab8_soc_otg_hpi_address File: D:/0Xinyi/final/ECE385_FinalProject/final/lab8_soc/synthesis/submodules/lab8_soc_otg_hpi_address.v Line: 21
Info (12021): Found 1 design units, including 1 entities, in source file lab8_soc/synthesis/submodules/lab8_soc_onchip_memory2_0.v
    Info (12023): Found entity 1: lab8_soc_onchip_memory2_0 File: D:/0Xinyi/final/ECE385_FinalProject/final/lab8_soc/synthesis/submodules/lab8_soc_onchip_memory2_0.v Line: 21
Info (12021): Found 1 design units, including 1 entities, in source file lab8_soc/synthesis/submodules/lab8_soc_nios2_gen2_0.v
    Info (12023): Found entity 1: lab8_soc_nios2_gen2_0 File: D:/0Xinyi/final/ECE385_FinalProject/final/lab8_soc/synthesis/submodules/lab8_soc_nios2_gen2_0.v Line: 9
Info (12021): Found 21 design units, including 21 entities, in source file lab8_soc/synthesis/submodules/lab8_soc_nios2_gen2_0_cpu.v
    Info (12023): Found entity 1: lab8_soc_nios2_gen2_0_cpu_register_bank_a_module File: D:/0Xinyi/final/ECE385_FinalProject/final/lab8_soc/synthesis/submodules/lab8_soc_nios2_gen2_0_cpu.v Line: 21
    Info (12023): Found entity 2: lab8_soc_nios2_gen2_0_cpu_register_bank_b_module File: D:/0Xinyi/final/ECE385_FinalProject/final/lab8_soc/synthesis/submodules/lab8_soc_nios2_gen2_0_cpu.v Line: 87
    Info (12023): Found entity 3: lab8_soc_nios2_gen2_0_cpu_nios2_oci_debug File: D:/0Xinyi/final/ECE385_FinalProject/final/lab8_soc/synthesis/submodules/lab8_soc_nios2_gen2_0_cpu.v Line: 153
    Info (12023): Found entity 4: lab8_soc_nios2_gen2_0_cpu_nios2_oci_break File: D:/0Xinyi/final/ECE385_FinalProject/final/lab8_soc/synthesis/submodules/lab8_soc_nios2_gen2_0_cpu.v Line: 295
    Info (12023): Found entity 5: lab8_soc_nios2_gen2_0_cpu_nios2_oci_xbrk File: D:/0Xinyi/final/ECE385_FinalProject/final/lab8_soc/synthesis/submodules/lab8_soc_nios2_gen2_0_cpu.v Line: 588
    Info (12023): Found entity 6: lab8_soc_nios2_gen2_0_cpu_nios2_oci_dbrk File: D:/0Xinyi/final/ECE385_FinalProject/final/lab8_soc/synthesis/submodules/lab8_soc_nios2_gen2_0_cpu.v Line: 795
    Info (12023): Found entity 7: lab8_soc_nios2_gen2_0_cpu_nios2_oci_itrace File: D:/0Xinyi/final/ECE385_FinalProject/final/lab8_soc/synthesis/submodules/lab8_soc_nios2_gen2_0_cpu.v Line: 982
    Info (12023): Found entity 8: lab8_soc_nios2_gen2_0_cpu_nios2_oci_td_mode File: D:/0Xinyi/final/ECE385_FinalProject/final/lab8_soc/synthesis/submodules/lab8_soc_nios2_gen2_0_cpu.v Line: 1115
    Info (12023): Found entity 9: lab8_soc_nios2_gen2_0_cpu_nios2_oci_dtrace File: D:/0Xinyi/final/ECE385_FinalProject/final/lab8_soc/synthesis/submodules/lab8_soc_nios2_gen2_0_cpu.v Line: 1183
    Info (12023): Found entity 10: lab8_soc_nios2_gen2_0_cpu_nios2_oci_compute_input_tm_cnt File: D:/0Xinyi/final/ECE385_FinalProject/final/lab8_soc/synthesis/submodules/lab8_soc_nios2_gen2_0_cpu.v Line: 1265
    Info (12023): Found entity 11: lab8_soc_nios2_gen2_0_cpu_nios2_oci_fifo_wrptr_inc File: D:/0Xinyi/final/ECE385_FinalProject/final/lab8_soc/synthesis/submodules/lab8_soc_nios2_gen2_0_cpu.v Line: 1337
    Info (12023): Found entity 12: lab8_soc_nios2_gen2_0_cpu_nios2_oci_fifo_cnt_inc File: D:/0Xinyi/final/ECE385_FinalProject/final/lab8_soc/synthesis/submodules/lab8_soc_nios2_gen2_0_cpu.v Line: 1380
    Info (12023): Found entity 13: lab8_soc_nios2_gen2_0_cpu_nios2_oci_fifo File: D:/0Xinyi/final/ECE385_FinalProject/final/lab8_soc/synthesis/submodules/lab8_soc_nios2_gen2_0_cpu.v Line: 1427
    Info (12023): Found entity 14: lab8_soc_nios2_gen2_0_cpu_nios2_oci_pib File: D:/0Xinyi/final/ECE385_FinalProject/final/lab8_soc/synthesis/submodules/lab8_soc_nios2_gen2_0_cpu.v Line: 1913
    Info (12023): Found entity 15: lab8_soc_nios2_gen2_0_cpu_nios2_oci_im File: D:/0Xinyi/final/ECE385_FinalProject/final/lab8_soc/synthesis/submodules/lab8_soc_nios2_gen2_0_cpu.v Line: 1936
    Info (12023): Found entity 16: lab8_soc_nios2_gen2_0_cpu_nios2_performance_monitors File: D:/0Xinyi/final/ECE385_FinalProject/final/lab8_soc/synthesis/submodules/lab8_soc_nios2_gen2_0_cpu.v Line: 2006
    Info (12023): Found entity 17: lab8_soc_nios2_gen2_0_cpu_nios2_avalon_reg File: D:/0Xinyi/final/ECE385_FinalProject/final/lab8_soc/synthesis/submodules/lab8_soc_nios2_gen2_0_cpu.v Line: 2023
    Info (12023): Found entity 18: lab8_soc_nios2_gen2_0_cpu_ociram_sp_ram_module File: D:/0Xinyi/final/ECE385_FinalProject/final/lab8_soc/synthesis/submodules/lab8_soc_nios2_gen2_0_cpu.v Line: 2116
    Info (12023): Found entity 19: lab8_soc_nios2_gen2_0_cpu_nios2_ocimem File: D:/0Xinyi/final/ECE385_FinalProject/final/lab8_soc/synthesis/submodules/lab8_soc_nios2_gen2_0_cpu.v Line: 2181
    Info (12023): Found entity 20: lab8_soc_nios2_gen2_0_cpu_nios2_oci File: D:/0Xinyi/final/ECE385_FinalProject/final/lab8_soc/synthesis/submodules/lab8_soc_nios2_gen2_0_cpu.v Line: 2362
    Info (12023): Found entity 21: lab8_soc_nios2_gen2_0_cpu File: D:/0Xinyi/final/ECE385_FinalProject/final/lab8_soc/synthesis/submodules/lab8_soc_nios2_gen2_0_cpu.v Line: 2834
Info (12021): Found 1 design units, including 1 entities, in source file lab8_soc/synthesis/submodules/lab8_soc_nios2_gen2_0_cpu_debug_slave_sysclk.v
    Info (12023): Found entity 1: lab8_soc_nios2_gen2_0_cpu_debug_slave_sysclk File: D:/0Xinyi/final/ECE385_FinalProject/final/lab8_soc/synthesis/submodules/lab8_soc_nios2_gen2_0_cpu_debug_slave_sysclk.v Line: 21
Info (12021): Found 1 design units, including 1 entities, in source file lab8_soc/synthesis/submodules/lab8_soc_nios2_gen2_0_cpu_debug_slave_tck.v
    Info (12023): Found entity 1: lab8_soc_nios2_gen2_0_cpu_debug_slave_tck File: D:/0Xinyi/final/ECE385_FinalProject/final/lab8_soc/synthesis/submodules/lab8_soc_nios2_gen2_0_cpu_debug_slave_tck.v Line: 21
Info (12021): Found 1 design units, including 1 entities, in source file lab8_soc/synthesis/submodules/lab8_soc_nios2_gen2_0_cpu_debug_slave_wrapper.v
    Info (12023): Found entity 1: lab8_soc_nios2_gen2_0_cpu_debug_slave_wrapper File: D:/0Xinyi/final/ECE385_FinalProject/final/lab8_soc/synthesis/submodules/lab8_soc_nios2_gen2_0_cpu_debug_slave_wrapper.v Line: 21
Info (12021): Found 1 design units, including 1 entities, in source file lab8_soc/synthesis/submodules/lab8_soc_nios2_gen2_0_cpu_test_bench.v
    Info (12023): Found entity 1: lab8_soc_nios2_gen2_0_cpu_test_bench File: D:/0Xinyi/final/ECE385_FinalProject/final/lab8_soc/synthesis/submodules/lab8_soc_nios2_gen2_0_cpu_test_bench.v Line: 21
Info (12021): Found 1 design units, including 1 entities, in source file lab8_soc/synthesis/submodules/lab8_soc_keycode.v
    Info (12023): Found entity 1: lab8_soc_keycode File: D:/0Xinyi/final/ECE385_FinalProject/final/lab8_soc/synthesis/submodules/lab8_soc_keycode.v Line: 21
Info (12021): Found 5 design units, including 5 entities, in source file lab8_soc/synthesis/submodules/lab8_soc_jtag_uart_0.v
    Info (12023): Found entity 1: lab8_soc_jtag_uart_0_sim_scfifo_w File: D:/0Xinyi/final/ECE385_FinalProject/final/lab8_soc/synthesis/submodules/lab8_soc_jtag_uart_0.v Line: 21
    Info (12023): Found entity 2: lab8_soc_jtag_uart_0_scfifo_w File: D:/0Xinyi/final/ECE385_FinalProject/final/lab8_soc/synthesis/submodules/lab8_soc_jtag_uart_0.v Line: 78
    Info (12023): Found entity 3: lab8_soc_jtag_uart_0_sim_scfifo_r File: D:/0Xinyi/final/ECE385_FinalProject/final/lab8_soc/synthesis/submodules/lab8_soc_jtag_uart_0.v Line: 164
    Info (12023): Found entity 4: lab8_soc_jtag_uart_0_scfifo_r File: D:/0Xinyi/final/ECE385_FinalProject/final/lab8_soc/synthesis/submodules/lab8_soc_jtag_uart_0.v Line: 243
    Info (12023): Found entity 5: lab8_soc_jtag_uart_0 File: D:/0Xinyi/final/ECE385_FinalProject/final/lab8_soc/synthesis/submodules/lab8_soc_jtag_uart_0.v Line: 331
Info (12021): Found 1 design units, including 1 entities, in source file vga_controller.sv
    Info (12023): Found entity 1: VGA_controller File: D:/0Xinyi/final/ECE385_FinalProject/final/VGA_controller.sv Line: 26
Info (12021): Found 1 design units, including 1 entities, in source file vga_clk.v
    Info (12023): Found entity 1: vga_clk File: D:/0Xinyi/final/ECE385_FinalProject/final/vga_clk.v Line: 40
Info (12021): Found 1 design units, including 1 entities, in source file hpi_io_intf.sv
    Info (12023): Found entity 1: hpi_io_intf File: D:/0Xinyi/final/ECE385_FinalProject/final/hpi_io_intf.sv Line: 2
Info (12021): Found 1 design units, including 1 entities, in source file hexdriver.sv
    Info (12023): Found entity 1: HexDriver File: D:/0Xinyi/final/ECE385_FinalProject/final/HexDriver.sv Line: 1
Info (12021): Found 1 design units, including 1 entities, in source file final.sv
    Info (12023): Found entity 1: lab8 File: D:/0Xinyi/final/ECE385_FinalProject/final/final.sv Line: 8
Error (10170): Verilog HDL syntax error at Color_Mapper.sv(34) near text: "always_comb";  expecting ";". Check for and fix any syntax errors that appear immediately before or at the specified keyword. The Intel FPGA Knowledge Database contains many articles with specific details on how to resolve this error. Visit the Knowledge Database at https://www.altera.com/support/support-resources/knowledge-base/search.html and search for this specific error message number. File: D:/0Xinyi/final/ECE385_FinalProject/final/Color_Mapper.sv Line: 34
Error (10759): Verilog HDL error at Color_Mapper.sv(90): object DrawX declared in a list of port declarations cannot be redeclared within the module body File: D:/0Xinyi/final/ECE385_FinalProject/final/Color_Mapper.sv Line: 90
Error (10170): Verilog HDL syntax error at Color_Mapper.sv(90) near text: "}";  expecting ";". Check for and fix any syntax errors that appear immediately before or at the specified keyword. The Intel FPGA Knowledge Database contains many articles with specific details on how to resolve this error. Visit the Knowledge Database at https://www.altera.com/support/support-resources/knowledge-base/search.html and search for this specific error message number. File: D:/0Xinyi/final/ECE385_FinalProject/final/Color_Mapper.sv Line: 90
Error (10112): Ignored design unit "color_mapper" at Color_Mapper.sv(8) due to previous errors File: D:/0Xinyi/final/ECE385_FinalProject/final/Color_Mapper.sv Line: 8
Info (12021): Found 0 design units, including 0 entities, in source file color_mapper.sv
Info (12021): Found 1 design units, including 1 entities, in source file testbench.sv
    Info (12023): Found entity 1: testbench File: D:/0Xinyi/final/ECE385_FinalProject/final/testbench.sv Line: 1
Info (144001): Generated suppressed messages file D:/0Xinyi/final/ECE385_FinalProject/final/final.map.smsg
Error: Quartus Prime Analysis & Synthesis was unsuccessful. 4 errors, 1 warning
    Error: Peak virtual memory: 645 megabytes
    Error: Processing ended: Tue Apr 21 13:16:00 2020
    Error: Elapsed time: 00:03:11
    Error: Total CPU time (on all processors): 00:00:25


+------------------------------------------+
; Analysis & Synthesis Suppressed Messages ;
+------------------------------------------+
The suppressed messages can be found in D:/0Xinyi/final/ECE385_FinalProject/final/final.map.smsg.


